.next/dev/types/validator.ts(160,31): error TS2344: Type 'typeof import("D:/pp/app/(protected)/inventory/value-report/page")' does not satisfy the constraint 'AppPageConfig<"/inventory/value-report">'.
  Property 'default' is missing in type 'typeof import("D:/pp/app/(protected)/inventory/value-report/page")' but required in type 'AppPageConfig<"/inventory/value-report">'.
.next/types/validator.ts(160,31): error TS2344: Type 'typeof import("D:/pp/app/(protected)/inventory/value-report/page")' does not satisfy the constraint 'AppPageConfig<"/inventory/value-report">'.
  Property 'default' is missing in type 'typeof import("D:/pp/app/(protected)/inventory/value-report/page")' but required in type 'AppPageConfig<"/inventory/value-report">'.
app/(protected)/inventory/value-report/page.tsx(138,52): error TS2304: Cannot find name 'containerRef'.
app/(protected)/inventory/value-report/page.tsx(141,26): error TS2304: Cannot find name 'closeReport'.
app/(protected)/inventory/value-report/page.tsx(141,49): error TS2304: Cannot find name 'closing'.
app/(protected)/inventory/value-report/page.tsx(141,60): error TS2304: Cannot find name 'loading'.
app/(protected)/inventory/value-report/page.tsx(141,71): error TS2304: Cannot find name 'productData'.
app/(protected)/inventory/value-report/page.tsx(141,244): error TS2304: Cannot find name 'closing'.
app/(protected)/inventory/value-report/page.tsx(142,12): error TS2304: Cannot find name 'closing'.
app/(protected)/inventory/value-report/page.tsx(147,136): error TS2304: Cannot find name 'reportMode'.
app/(protected)/inventory/value-report/page.tsx(147,213): error TS2304: Cannot find name 'reportMode'.
app/(protected)/inventory/value-report/page.tsx(147,275): error TS2304: Cannot find name 'reportMode'.
app/(protected)/inventory/value-report/page.tsx(147,340): error TS2304: Cannot find name 'setReportMode'.
app/(protected)/inventory/value-report/page.tsx(150,136): error TS2304: Cannot find name 'reportMode'.
app/(protected)/inventory/value-report/page.tsx(150,213): error TS2304: Cannot find name 'reportMode'.
app/(protected)/inventory/value-report/page.tsx(150,275): error TS2304: Cannot find name 'reportMode'.
app/(protected)/inventory/value-report/page.tsx(150,340): error TS2304: Cannot find name 'setReportMode'.
app/(protected)/inventory/value-report/page.tsx(155,8): error TS2552: Cannot find name 'error'. Did you mean 'Error'?
app/(protected)/inventory/value-report/page.tsx(155,52): error TS2552: Cannot find name 'error'. Did you mean 'Error'?
app/(protected)/inventory/value-report/page.tsx(159,10): error TS2552: Cannot find name 'reportMode'. Did you mean 'ReportBody'?
app/(protected)/inventory/value-report/page.tsx(163,105): error TS2304: Cannot find name 'overallTotals'.
app/(protected)/inventory/value-report/page.tsx(167,87): error TS2304: Cannot find name 'overallTotals'.
app/(protected)/inventory/value-report/page.tsx(171,87): error TS2304: Cannot find name 'overallTotals'.
app/(protected)/inventory/value-report/page.tsx(175,87): error TS2304: Cannot find name 'overallTotals'.
app/(protected)/inventory/value-report/page.tsx(182,87): error TS2304: Cannot find name 'compareTotals'.
app/(protected)/inventory/value-report/page.tsx(186,87): error TS2304: Cannot find name 'compareTotals'.
app/(protected)/inventory/value-report/page.tsx(188,95): error TS2304: Cannot find name 'compareTotals'.
app/(protected)/inventory/value-report/page.tsx(188,132): error TS2304: Cannot find name 'compareTotals'.
app/(protected)/inventory/value-report/page.tsx(189,50): error TS2304: Cannot find name 'compareTotals'.
app/(protected)/inventory/value-report/page.tsx(189,87): error TS2304: Cannot find name 'compareTotals'.
app/(protected)/inventory/value-report/page.tsx(190,84): error TS2304: Cannot find name 'compareTotals'.
app/(protected)/inventory/value-report/page.tsx(190,121): error TS2304: Cannot find name 'compareTotals'.
app/(protected)/inventory/value-report/page.tsx(191,18): error TS2304: Cannot find name 'compareTotals'.
app/(protected)/inventory/value-report/page.tsx(191,60): error TS2304: Cannot find name 'compareTotals'.
app/(protected)/inventory/value-report/page.tsx(194,95): error TS2304: Cannot find name 'compareTotals'.
app/(protected)/inventory/value-report/page.tsx(194,132): error TS2304: Cannot find name 'compareTotals'.
app/(protected)/inventory/value-report/page.tsx(195,50): error TS2304: Cannot find name 'compareTotals'.
app/(protected)/inventory/value-report/page.tsx(195,87): error TS2304: Cannot find name 'compareTotals'.
app/(protected)/inventory/value-report/page.tsx(196,84): error TS2304: Cannot find name 'compareTotals'.
app/(protected)/inventory/value-report/page.tsx(196,121): error TS2304: Cannot find name 'compareTotals'.
app/(protected)/inventory/value-report/page.tsx(197,18): error TS2304: Cannot find name 'compareTotals'.
app/(protected)/inventory/value-report/page.tsx(197,63): error TS2304: Cannot find name 'compareTotals'.
app/(protected)/inventory/value-report/page.tsx(202,87): error TS2304: Cannot find name 'compareTotals'.
app/(protected)/inventory/value-report/page.tsx(206,87): error TS2304: Cannot find name 'compareTotals'.
app/(protected)/inventory/value-report/page.tsx(215,10): error TS2552: Cannot find name 'reportMode'. Did you mean 'ReportBody'?
app/(protected)/inventory/value-report/page.tsx(220,43): error TS2304: Cannot find name 'qStart'.
app/(protected)/inventory/value-report/page.tsx(220,68): error TS2304: Cannot find name 'setQStart'.
app/(protected)/inventory/value-report/page.tsx(224,43): error TS2304: Cannot find name 'qEnd'.
app/(protected)/inventory/value-report/page.tsx(224,66): error TS2304: Cannot find name 'setQEnd'.
app/(protected)/inventory/value-report/page.tsx(235,45): error TS2304: Cannot find name 'p1Start'.
app/(protected)/inventory/value-report/page.tsx(235,71): error TS2304: Cannot find name 'setP1Start'.
app/(protected)/inventory/value-report/page.tsx(239,45): error TS2304: Cannot find name 'p1End'.
app/(protected)/inventory/value-report/page.tsx(239,69): error TS2304: Cannot find name 'setP1End'.
app/(protected)/inventory/value-report/page.tsx(247,45): error TS2304: Cannot find name 'p2Start'.
app/(protected)/inventory/value-report/page.tsx(247,71): error TS2304: Cannot find name 'setP2Start'.
app/(protected)/inventory/value-report/page.tsx(251,45): error TS2304: Cannot find name 'p2End'.
app/(protected)/inventory/value-report/page.tsx(251,69): error TS2304: Cannot find name 'setP2End'.
app/(protected)/inventory/value-report/page.tsx(258,26): error TS2304: Cannot find name 'applyPresetPreviousMonth'.
app/(protected)/inventory/value-report/page.tsx(264,26): error TS2304: Cannot find name 'applyPresetSameMonthLastYear'.
app/(protected)/inventory/value-report/page.tsx(277,84): error TS2304: Cannot find name 'qCustomerSearch'.
app/(protected)/inventory/value-report/page.tsx(279,45): error TS2304: Cannot find name 'setQCustomerSearch'.
app/(protected)/inventory/value-report/page.tsx(280,33): error TS2304: Cannot find name 'customers'.
app/(protected)/inventory/value-report/page.tsx(280,49): error TS7006: Parameter 'c' implicitly has an 'any' type.
app/(protected)/inventory/value-report/page.tsx(281,17): error TS2304: Cannot find name 'setQCustomer'.
app/(protected)/inventory/value-report/page.tsx(286,16): error TS2304: Cannot find name 'customers'.
app/(protected)/inventory/value-report/page.tsx(286,31): error TS7006: Parameter 'c' implicitly has an 'any' type.
app/(protected)/inventory/value-report/page.tsx(292,27): error TS2304: Cannot find name 'qProduct'.
app/(protected)/inventory/value-report/page.tsx(292,54): error TS2304: Cannot find name 'setQProduct'.
app/(protected)/inventory/value-report/page.tsx(297,28): error TS2304: Cannot find name 'topN'.
app/(protected)/inventory/value-report/page.tsx(297,51): error TS2304: Cannot find name 'setTopN'.
app/(protected)/inventory/value-report/page.tsx(309,47): error TS2304: Cannot find name 'onlyInStock'.
app/(protected)/inventory/value-report/page.tsx(309,77): error TS2304: Cannot find name 'setOnlyInStock'.
app/(protected)/inventory/value-report/page.tsx(311,14): error TS2304: Cannot find name 'reportMode'.
app/(protected)/inventory/value-report/page.tsx(313,49): error TS2304: Cannot find name 'onlyChanged'.
app/(protected)/inventory/value-report/page.tsx(313,79): error TS2304: Cannot find name 'setOnlyChanged'.
app/(protected)/inventory/value-report/page.tsx(318,30): error TS2304: Cannot find name 'load'.
app/(protected)/inventory/value-report/page.tsx(321,15): error TS2304: Cannot find name 'activeCustFilters'.
app/(protected)/inventory/value-report/page.tsx(321,40): error TS2304: Cannot find name 'activeProdFilters'.
app/(protected)/inventory/value-report/page.tsx(323,34): error TS2304: Cannot find name 'setColFiltersCust'.
app/(protected)/inventory/value-report/page.tsx(323,57): error TS2304: Cannot find name 'setColFiltersProd'.
app/(protected)/inventory/value-report/page.tsx(323,80): error TS2304: Cannot find name 'setSortColCust'.
app/(protected)/inventory/value-report/page.tsx(323,102): error TS2304: Cannot find name 'setSortDirCust'.
app/(protected)/inventory/value-report/page.tsx(323,124): error TS2304: Cannot find name 'setSortColProd'.
app/(protected)/inventory/value-report/page.tsx(323,146): error TS2304: Cannot find name 'setSortDirProd'.
app/(protected)/inventory/value-report/page.tsx(326,31): error TS2304: Cannot find name 'activeCustFilters'.
app/(protected)/inventory/value-report/page.tsx(326,51): error TS2304: Cannot find name 'activeProdFilters'.
app/(protected)/inventory/value-report/page.tsx(334,10): error TS2552: Cannot find name 'reportMode'. Did you mean 'ReportBody'?
app/(protected)/inventory/value-report/page.tsx(336,80): error TS2304: Cannot find name 'bounds'.
app/(protected)/inventory/value-report/page.tsx(336,137): error TS2304: Cannot find name 'bounds'.
app/(protected)/inventory/value-report/page.tsx(337,14): error TS2304: Cannot find name 'bounds'.
app/(protected)/inventory/value-report/page.tsx(337,150): error TS2304: Cannot find name 'bounds'.
app/(protected)/inventory/value-report/page.tsx(341,67): error TS2304: Cannot find name 'bounds1'.
app/(protected)/inventory/value-report/page.tsx(341,118): error TS2304: Cannot find name 'bounds1'.
app/(protected)/inventory/value-report/page.tsx(341,142): error TS2304: Cannot find name 'bounds1'.
app/(protected)/inventory/value-report/page.tsx(341,191): error TS2304: Cannot find name 'bounds1'.
app/(protected)/inventory/value-report/page.tsx(342,67): error TS2304: Cannot find name 'bounds2'.
app/(protected)/inventory/value-report/page.tsx(342,118): error TS2304: Cannot find name 'bounds2'.
app/(protected)/inventory/value-report/page.tsx(342,142): error TS2304: Cannot find name 'bounds2'.
app/(protected)/inventory/value-report/page.tsx(342,191): error TS2304: Cannot find name 'bounds2'.
app/(protected)/inventory/value-report/page.tsx(347,8): error TS2304: Cannot find name 'loading'.
app/(protected)/inventory/value-report/page.tsx(360,37): error TS2304: Cannot find name 'thStyle'.
app/(protected)/inventory/value-report/page.tsx(361,22): error TS2304: Cannot find name 'CustThCell'.
app/(protected)/inventory/value-report/page.tsx(362,22): error TS2304: Cannot find name 'CustThCell'.
app/(protected)/inventory/value-report/page.tsx(363,22): error TS2304: Cannot find name 'reportMode'.
app/(protected)/inventory/value-report/page.tsx(365,26): error TS2304: Cannot find name 'CustThCell'.
app/(protected)/inventory/value-report/page.tsx(366,26): error TS2304: Cannot find name 'CustThCell'.
app/(protected)/inventory/value-report/page.tsx(367,26): error TS2304: Cannot find name 'CustThCell'.
app/(protected)/inventory/value-report/page.tsx(371,26): error TS2304: Cannot find name 'CustThCell'.
app/(protected)/inventory/value-report/page.tsx(372,26): error TS2304: Cannot find name 'CustThCell'.
app/(protected)/inventory/value-report/page.tsx(373,26): error TS2304: Cannot find name 'CustThCell'.
app/(protected)/inventory/value-report/page.tsx(374,26): error TS2304: Cannot find name 'CustThCell'.
app/(protected)/inventory/value-report/page.tsx(375,26): error TS2304: Cannot find name 'CustThCell'.
app/(protected)/inventory/value-report/page.tsx(376,26): error TS2304: Cannot find name 'CustThCell'.
app/(protected)/inventory/value-report/page.tsx(382,21): error TS2304: Cannot find name 'reportMode'.
app/(protected)/inventory/value-report/page.tsx(382,48): error TS2304: Cannot find name 'displayCustomerSummary'.
app/(protected)/inventory/value-report/page.tsx(382,73): error TS2304: Cannot find name 'compareCustomerSummary'.
app/(protected)/inventory/value-report/page.tsx(382,102): error TS7006: Parameter 'c' implicitly has an 'any' type.
app/(protected)/inventory/value-report/page.tsx(382,105): error TS7006: Parameter 'i' implicitly has an 'any' type.
app/(protected)/inventory/value-report/page.tsx(384,39): error TS2304: Cannot find name 'tdStyle'.
app/(protected)/inventory/value-report/page.tsx(385,39): error TS2304: Cannot find name 'tdStyle'.
app/(protected)/inventory/value-report/page.tsx(385,68): error TS2304: Cannot find name 'customerLabel'.
app/(protected)/inventory/value-report/page.tsx(386,39): error TS2304: Cannot find name 'tdStyle'.
app/(protected)/inventory/value-report/page.tsx(387,24): error TS2304: Cannot find name 'reportMode'.
app/(protected)/inventory/value-report/page.tsx(389,43): error TS2304: Cannot find name 'tdStyle'.
app/(protected)/inventory/value-report/page.tsx(390,43): error TS2304: Cannot find name 'tdStyle'.
app/(protected)/inventory/value-report/page.tsx(391,43): error TS2304: Cannot find name 'tdStyle'.
app/(protected)/inventory/value-report/page.tsx(392,30): error TS2304: Cannot find name 'overallTotals'.
app/(protected)/inventory/value-report/page.tsx(392,83): error TS2304: Cannot find name 'overallTotals'.
app/(protected)/inventory/value-report/page.tsx(397,43): error TS2304: Cannot find name 'tdStyle'.
app/(protected)/inventory/value-report/page.tsx(398,43): error TS2304: Cannot find name 'tdStyle'.
app/(protected)/inventory/value-report/page.tsx(399,43): error TS2304: Cannot find name 'tdStyle'.
app/(protected)/inventory/value-report/page.tsx(402,43): error TS2304: Cannot find name 'tdStyle'.
app/(protected)/inventory/value-report/page.tsx(405,43): error TS2304: Cannot find name 'tdStyle'.
app/(protected)/inventory/value-report/page.tsx(406,43): error TS2304: Cannot find name 'tdStyle'.
app/(protected)/inventory/value-report/page.tsx(411,22): error TS2304: Cannot find name 'reportMode'.
app/(protected)/inventory/value-report/page.tsx(411,49): error TS2304: Cannot find name 'displayCustomerSummary'.
app/(protected)/inventory/value-report/page.tsx(411,74): error TS2304: Cannot find name 'compareCustomerSummary'.
app/(protected)/inventory/value-report/page.tsx(424,20): error TS2304: Cannot find name 'topN'.
app/(protected)/inventory/value-report/page.tsx(430,22): error TS2304: Cannot find name 'ProdThCell'.
app/(protected)/inventory/value-report/page.tsx(431,22): error TS2304: Cannot find name 'ProdThCell'.
app/(protected)/inventory/value-report/page.tsx(432,22): error TS2304: Cannot find name 'ProdThCell'.
app/(protected)/inventory/value-report/page.tsx(433,22): error TS2304: Cannot find name 'ProdThCell'.
app/(protected)/inventory/value-report/page.tsx(434,22): error TS2304: Cannot find name 'ProdThCell'.
app/(protected)/inventory/value-report/page.tsx(435,22): error TS2304: Cannot find name 'reportMode'.
app/(protected)/inventory/value-report/page.tsx(437,26): error TS2304: Cannot find name 'ProdThCell'.
app/(protected)/inventory/value-report/page.tsx(438,26): error TS2304: Cannot find name 'ProdThCell'.
app/(protected)/inventory/value-report/page.tsx(439,26): error TS2304: Cannot find name 'ProdThCell'.
app/(protected)/inventory/value-report/page.tsx(440,41): error TS2304: Cannot find name 'thStyle'.
app/(protected)/inventory/value-report/page.tsx(444,26): error TS2304: Cannot find name 'ProdThCell'.
app/(protected)/inventory/value-report/page.tsx(445,26): error TS2304: Cannot find name 'ProdThCell'.
app/(protected)/inventory/value-report/page.tsx(446,26): error TS2304: Cannot find name 'ProdThCell'.
app/(protected)/inventory/value-report/page.tsx(447,26): error TS2304: Cannot find name 'ProdThCell'.
app/(protected)/inventory/value-report/page.tsx(448,26): error TS2304: Cannot find name 'ProdThCell'.
app/(protected)/inventory/value-report/page.tsx(449,26): error TS2304: Cannot find name 'ProdThCell'.
app/(protected)/inventory/value-report/page.tsx(455,20): error TS2304: Cannot find name 'reportMode'.
app/(protected)/inventory/value-report/page.tsx(456,21): error TS2304: Cannot find name 'displayTopProducts'.
app/(protected)/inventory/value-report/page.tsx(456,45): error TS7006: Parameter 'p' implicitly has an 'any' type.
app/(protected)/inventory/value-report/page.tsx(458,41): error TS2304: Cannot find name 'tdStyle'.
app/(protected)/inventory/value-report/page.tsx(459,41): error TS2304: Cannot find name 'tdStyle'.
app/(protected)/inventory/value-report/page.tsx(459,71): error TS2304: Cannot find name 'customerLabel'.
app/(protected)/inventory/value-report/page.tsx(460,41): error TS2304: Cannot find name 'tdStyle'.
app/(protected)/inventory/value-report/page.tsx(461,36): error TS2304: Cannot find name 'tdStyle'.
app/(protected)/inventory/value-report/page.tsx(462,41): error TS2304: Cannot find name 'tdStyle'.
app/(protected)/inventory/value-report/page.tsx(463,41): error TS2304: Cannot find name 'tdStyle'.
app/(protected)/inventory/value-report/page.tsx(464,41): error TS2304: Cannot find name 'tdStyle'.
app/(protected)/inventory/value-report/page.tsx(465,41): error TS2304: Cannot find name 'tdStyle'.
app/(protected)/inventory/value-report/page.tsx(466,41): error TS2304: Cannot find name 'tdStyle'.
app/(protected)/inventory/value-report/page.tsx(467,28): error TS2304: Cannot find name 'overallTotals'.
app/(protected)/inventory/value-report/page.tsx(467,91): error TS2304: Cannot find name 'overallTotals'.
app/(protected)/inventory/value-report/page.tsx(472,21): error TS2304: Cannot find name 'displayCompareTopProducts'.
app/(protected)/inventory/value-report/page.tsx(472,52): error TS7006: Parameter 'p' implicitly has an 'any' type.
app/(protected)/inventory/value-report/page.tsx(474,41): error TS2304: Cannot find name 'tdStyle'.
app/(protected)/inventory/value-report/page.tsx(475,41): error TS2304: Cannot find name 'tdStyle'.
app/(protected)/inventory/value-report/page.tsx(475,71): error TS2304: Cannot find name 'customerLabel'.
app/(protected)/inventory/value-report/page.tsx(476,41): error TS2304: Cannot find name 'tdStyle'.
app/(protected)/inventory/value-report/page.tsx(477,36): error TS2304: Cannot find name 'tdStyle'.
app/(protected)/inventory/value-report/page.tsx(478,41): error TS2304: Cannot find name 'tdStyle'.
app/(protected)/inventory/value-report/page.tsx(479,41): error TS2304: Cannot find name 'tdStyle'.
app/(protected)/inventory/value-report/page.tsx(480,41): error TS2304: Cannot find name 'tdStyle'.
app/(protected)/inventory/value-report/page.tsx(481,41): error TS2304: Cannot find name 'tdStyle'.
app/(protected)/inventory/value-report/page.tsx(482,41): error TS2304: Cannot find name 'tdStyle'.
app/(protected)/inventory/value-report/page.tsx(483,41): error TS2304: Cannot find name 'tdStyle'.
app/(protected)/inventory/value-report/page.tsx(486,41): error TS2304: Cannot find name 'tdStyle'.
app/(protected)/inventory/value-report/page.tsx(492,22): error TS2304: Cannot find name 'reportMode'.
app/(protected)/inventory/value-report/page.tsx(492,49): error TS2304: Cannot find name 'displayTopProducts'.
app/(protected)/inventory/value-report/page.tsx(492,70): error TS2304: Cannot find name 'displayCompareTopProducts'.
